I'm sorry, but errors were detected in your script. Please correct the
errors listed below, and try again.


File "game/screens.rpy", line 345: 'xalign' is not a keyword argument or valid child of the screen statement.
    xalign 0.5
          ^

Ren'Py Version: Ren'Py 8.2.0.24012702
Mon Feb 19 21:37:17 2024
